j97e06j1q_flt.fits,10374,97E,06,1.5,CLEAR1L;F814W,WFC,/ifs/operations/hst/public/j97e/j97e06j1q/j97e06j1q_flt.fits
j97e06j2q_flt.fits,10374,97E,06,1.5,CLEAR1L;F814W,WFC,/ifs/operations/hst/public/j97e/j97e06j2q/j97e06j2q_flt.fits
j97e06j3q_flt.fits,10374,97E,06,45.0,G800L;CLEAR2L,WFC,/ifs/operations/hst/public/j97e/j97e06j3q/j97e06j3q_flt.fits
j97e06j4q_flt.fits,10374,97E,06,45.0,G800L;CLEAR2L,WFC,/ifs/operations/hst/public/j97e/j97e06j4q/j97e06j4q_flt.fits
j97e06j5q_flt.fits,10374,97E,06,45.0,G800L;F814W,WFC,/ifs/operations/hst/public/j97e/j97e06j5q/j97e06j5q_flt.fits
j97e06j6q_flt.fits,10374,97E,06,45.0,G800L;F814W,WFC,/ifs/operations/hst/public/j97e/j97e06j6q/j97e06j6q_flt.fits
j97e06j7q_flt.fits,10374,97E,06,45.0,G800L;F814W,WFC,/ifs/operations/hst/public/j97e/j97e06j7q/j97e06j7q_flt.fits
j97e06j8q_flt.fits,10374,97E,06,45.0,G800L;F814W,WFC,/ifs/operations/hst/public/j97e/j97e06j8q/j97e06j8q_flt.fits
j97e06j9q_flt.fits,10374,97E,06,2.5,F555W;CLEAR2L,WFC,/ifs/operations/hst/public/j97e/j97e06j9q/j97e06j9q_flt.fits
j97e06jaq_flt.fits,10374,97E,06,2.5,F555W;CLEAR2L,WFC,/ifs/operations/hst/public/j97e/j97e06jaq/j97e06jaq_flt.fits
j97e06jbq_flt.fits,10374,97E,06,1.0,F606W;CLEAR2L,WFC,/ifs/operations/hst/public/j97e/j97e06jbq/j97e06jbq_flt.fits
j97e06jcq_flt.fits,10374,97E,06,1.0,F606W;CLEAR2L,WFC,/ifs/operations/hst/public/j97e/j97e06jcq/j97e06jcq_flt.fits
j97e06jdq_flt.fits,10374,97E,06,1.7,F625W;CLEAR2L,WFC,/ifs/operations/hst/public/j97e/j97e06jdq/j97e06jdq_flt.fits
j97e06jeq_flt.fits,10374,97E,06,1.7,F625W;CLEAR2L,WFC,/ifs/operations/hst/public/j97e/j97e06jeq/j97e06jeq_flt.fits
j97e06jfq_flt.fits,10374,97E,06,2.0,F775W;CLEAR2L,WFC,/ifs/operations/hst/public/j97e/j97e06jfq/j97e06jfq_flt.fits
j97e06jgq_flt.fits,10374,97E,06,2.0,F775W;CLEAR2L,WFC,/ifs/operations/hst/public/j97e/j97e06jgq/j97e06jgq_flt.fits
j97e06jiq_flt.fits,10374,97E,06,6.0,F850LP;CLEAR2L,WFC,/ifs/operations/hst/public/j97e/j97e06jiq/j97e06jiq_flt.fits
j97e06jjq_flt.fits,10374,97E,06,6.0,F850LP;CLEAR2L,WFC,/ifs/operations/hst/public/j97e/j97e06jjq/j97e06jjq_flt.fits
