jb3723qmq_flc.fits,11600,B37,23,612.0,F775W;CLEAR2L,WFC,/ifs/operations/hst/public/jb37/jb3723qmq/jb3723qmq_flc.fits
jb3723qpq_flc.fits,11600,B37,23,612.0,F775W;CLEAR2L,WFC,/ifs/operations/hst/public/jb37/jb3723qpq/jb3723qpq_flc.fits
jb3723qsq_flc.fits,11600,B37,23,653.0,F775W;CLEAR2L,WFC,/ifs/operations/hst/public/jb37/jb3723qsq/jb3723qsq_flc.fits
jb3723qvq_flc.fits,11600,B37,23,653.0,F775W;CLEAR2L,WFC,/ifs/operations/hst/public/jb37/jb3723qvq/jb3723qvq_flc.fits
jb3723r1q_flc.fits,11600,B37,23,653.0,F775W;CLEAR2L,WFC,/ifs/operations/hst/public/jb37/jb3723r1q/jb3723r1q_flc.fits
jb3723r5q_flc.fits,11600,B37,23,653.0,F775W;CLEAR2L,WFC,/ifs/operations/hst/public/jb37/jb3723r5q/jb3723r5q_flc.fits
jb3723r8q_flc.fits,11600,B37,23,703.0,F775W;CLEAR2L,WFC,/ifs/operations/hst/public/jb37/jb3723r8q/jb3723r8q_flc.fits
jb3723rbq_flc.fits,11600,B37,23,703.0,F775W;CLEAR2L,WFC,/ifs/operations/hst/public/jb37/jb3723rbq/jb3723rbq_flc.fits
