je281usgq_flc.fits,15843,E28,1U,400.0,F606W;CLEAR2L,WFC,/ifs/operations/hst/public/je28/je281usgq/je281usgq_flc.fits
je281ushq_flc.fits,15843,E28,1U,400.0,F606W;CLEAR2L,WFC,/ifs/operations/hst/public/je28/je281ushq/je281ushq_flc.fits
je281usjq_flc.fits,15843,E28,1U,400.0,F606W;CLEAR2L,WFC,/ifs/operations/hst/public/je28/je281usjq/je281usjq_flc.fits
