j8ep07v3q_flt.fits
j8ep07v4q_flt.fits
j8ep07v5q_flt.fits
j8ep07v6q_flt.fits
j8ep07v7q_flt.fits
j8ep07v8q_flt.fits
j8ep07vgq_flt.fits
j8ep07vhq_flt.fits
j8ep07viq_flt.fits
j8ep07vjq_flt.fits
j8ep07vkq_flt.fits
