ib6807z1q_flt.fits
ib6807z6q_flt.fits
ib6807zbq_flt.fits
ib6807zhq_flt.fits
