iby01si5q_flt.fits,12939,BY0,1S,499.231873,F110W,IR,/ifs/operations/hst/public/iby0/iby01si5q/iby01si5q_flt.fits
iby01si8q_flt.fits,12939,BY0,1S,799.232788,F110W,IR,/ifs/operations/hst/public/iby0/iby01si8q/iby01si8q_flt.fits
iby01sicq_flt.fits,12939,BY0,1S,799.232788,F160W,IR,/ifs/operations/hst/public/iby0/iby01sicq/iby01sicq_flt.fits
iby01sigq_flt.fits,12939,BY0,1S,799.232788,F160W,IR,/ifs/operations/hst/public/iby0/iby01sigq/iby01sigq_flt.fits
