ibyt50huq_flt.fits,13023,BYT,50,249.231873,F140W,IR,/ifs/operations/hst/public/ibyt/ibyt50huq/ibyt50huq_flt.fits
ibyt50hvq_flt.fits,13023,BYT,50,249.231873,F140W,IR,/ifs/operations/hst/public/ibyt/ibyt50hvq/ibyt50hvq_flt.fits
ibyt50hwq_flc.fits,13023,BYT,50,490.0,F606W,UVIS,/ifs/operations/hst/public/ibyt/ibyt50hwq/ibyt50hwq_flc.fits
ibyt50hzq_flc.fits,13023,BYT,50,490.0,F606W,UVIS,/ifs/operations/hst/public/ibyt/ibyt50hzq/ibyt50hzq_flc.fits
