ibqk07chq_flt.fits,12557,BQK,07,223.73819,F160W,IR,/ifs/operations/hst/public/ibqk/ibqk07chq/ibqk07chq_flt.fits
ibqk07ciq_flt.fits,12557,BQK,07,223.73819,F160W,IR,/ifs/operations/hst/public/ibqk/ibqk07ciq/ibqk07ciq_flt.fits
ibqk07cjq_flt.fits,12557,BQK,07,223.73819,F160W,IR,/ifs/operations/hst/public/ibqk/ibqk07cjq/ibqk07cjq_flt.fits
ibqk07ckq_flt.fits,12557,BQK,07,223.73819,F160W,IR,/ifs/operations/hst/public/ibqk/ibqk07ckq/ibqk07ckq_flt.fits
ibqk07clq_flc.fits,12557,BQK,07,290.0,F555W,UVIS,/ifs/operations/hst/public/ibqk/ibqk07clq/ibqk07clq_flc.fits
ibqk07cmq_flc.fits,12557,BQK,07,290.0,F555W,UVIS,/ifs/operations/hst/public/ibqk/ibqk07cmq/ibqk07cmq_flc.fits
ibqk07cnq_flc.fits,12557,BQK,07,290.0,F555W,UVIS,/ifs/operations/hst/public/ibqk/ibqk07cnq/ibqk07cnq_flc.fits
ibqk07coq_flc.fits,12557,BQK,07,290.0,F555W,UVIS,/ifs/operations/hst/public/ibqk/ibqk07coq/ibqk07coq_flc.fits
