iby001qxq_flc.fits,12939,BY0,01,14.0,F336W,UVIS,/ifs/operations/hst/public/iby0/iby001qxq/iby001qxq_flc.fits
iby001qzq_flc.fits,12939,BY0,01,697.0,F336W,UVIS,/ifs/operations/hst/public/iby0/iby001qzq/iby001qzq_flc.fits
iby001r3q_flc.fits,12939,BY0,01,697.0,F336W,UVIS,/ifs/operations/hst/public/iby0/iby001r3q/iby001r3q_flc.fits
iby001r7q_flc.fits,12939,BY0,01,697.0,F275W,UVIS,/ifs/operations/hst/public/iby0/iby001r7q/iby001r7q_flc.fits
iby001rbq_flc.fits,12939,BY0,01,467.0,F275W,UVIS,/ifs/operations/hst/public/iby0/iby001rbq/iby001rbq_flc.fits
