u2as0101t_flt.fits
u2as0102t_flt.fits
u2as0103t_flt.fits
u2as0104t_flt.fits
u2as0105t_flt.fits
u2as0106t_flt.fits
u2as0107t_flt.fits
u2as0108t_flt.fits
